[2026-09-26T10:46:46+07:00] A: EOS-exempt rerun seed 42
[2026-09-26T10:51:38+07:00] A done rc=0
[2026-09-26T10:51:38+07:00] B: impression-only loss ablation seed 42 (train + 4 precisions, EOS-exempt decoding)
[2026-09-26T11:13:38+07:00] B done rc=0
[2026-09-26T11:13:38+07:00] C: randomised repeated efficiency (6 reps, fresh process per job)
[2026-09-26T11:50:04+07:00] C done rc=0
[2026-09-26T11:50:04+07:00] D: EOS-exempt rerun seed 123
[2026-09-26T11:54:26+07:00] D seed 123 done rc=0
[2026-09-26T11:54:26+07:00] D: EOS-exempt rerun seed 777
[2026-09-26T11:58:44+07:00] D seed 777 done rc=0
[2026-09-26T11:58:44+07:00] D: EOS-exempt rerun seed 2024
[2026-09-26T12:03:05+07:00] D seed 2024 done rc=0
[2026-09-26T12:03:05+07:00] D: EOS-exempt rerun seed 31415
[2026-09-26T12:07:40+07:00] D seed 31415 done rc=0
[2026-09-26T12:07:40+07:00] phase 1 complete
[2026-09-26T12:08:37+07:00] phase 2 start
[2026-09-26T12:08:37+07:00] start cx_iu_FP32 on MIG-b229be93
[2026-09-26T12:08:37+07:00] start mistral_train on MIG-75de047f
[2026-09-26T12:12:46+07:00] end mistral_train rc=0
[2026-09-26T12:12:46+07:00] start cx_iu_INT8-BnB on MIG-75de047f
[2026-09-26T12:23:44+07:00] end cx_iu_FP32 rc=0
[2026-09-26T12:23:44+07:00] start cx_nih_FP32 on MIG-b229be93
[2026-09-26T12:38:52+07:00] end cx_nih_FP32 rc=0
[2026-09-26T12:38:52+07:00] start mistral_audit on MIG-b229be93
[2026-09-26T12:42:54+07:00] end mistral_audit rc=0
[2026-09-26T12:42:54+07:00] start cx_nih_INT8-BnB on MIG-b229be93
[2026-09-26T13:14:21+07:00] end cx_iu_INT8-BnB rc=0
[2026-09-26T13:14:21+07:00] start cx_iu_NF4-BnB on MIG-75de047f
[2026-09-26T13:32:57+07:00] end cx_iu_NF4-BnB rc=0
[2026-09-26T13:32:57+07:00] start cx_nih_NF4-BnB on MIG-75de047f
[2026-09-26T13:44:31+07:00] end cx_nih_INT8-BnB rc=0
[2026-09-26T13:44:31+07:00] start cx_iu_FP16 on MIG-b229be93
[2026-09-26T13:46:09+07:00] end cx_nih_NF4-BnB rc=0
[2026-09-26T13:46:09+07:00] start cx_nih_FP16 on MIG-75de047f
[2026-09-26T13:58:10+07:00] end cx_iu_FP16 rc=0
[2026-09-26T13:59:50+07:00] end cx_nih_FP16 rc=0
[2026-09-26T13:59:50+07:00] phase 2 complete
