<local-root>/miniconda3/lib/python3.13/site-packages/torch/cuda/__init__.py:61: FutureWarning: The pynvml package is deprecated. Please install nvidia-ml-py instead. If you did not install pynvml directly, please report this to the maintainers of the package that installed pynvml for you.
  import pynvml  # type: ignore[import]
Skipping import of cpp extensions due to incompatible torch version. Please upgrade to torch >= 2.11.0 (found 2.7.1+cu118).

Loading weights:   0%|                                                                                    | 0/292 [00:00<?, ?it/s]
Loading weights:  41%|█████████████████████████████▎                                          | 119/292 [00:00<00:00, 1182.07it/s]
Loading weights:  82%|██████████████████████████████████████████████████████████▋             | 238/292 [00:00<00:00, 1169.97it/s]
Loading weights: 100%|████████████████████████████████████████████████████████████████████████| 292/292 [00:00<00:00, 1067.73it/s]
gpt2-medium FP32 reproduced 134 / 134

Loading weights:   0%|                                                                                    | 0/292 [00:00<?, ?it/s]
Loading weights:  73%|████████████████████████████████████████████████████▊                   | 214/292 [00:00<00:00, 2071.53it/s]
Loading weights: 100%|████████████████████████████████████████████████████████████████████████| 292/292 [00:00<00:00, 1761.30it/s]
gpt2-medium FP16 reproduced 134 / 134
<local-root>/miniconda3/lib/python3.13/site-packages/torch/cuda/__init__.py:61: FutureWarning: The pynvml package is deprecated. Please install nvidia-ml-py instead. If you did not install pynvml directly, please report this to the maintainers of the package that installed pynvml for you.
  import pynvml  # type: ignore[import]

Loading weights:   0%|                                                                                    | 0/292 [00:00<?, ?it/s]
Loading weights:   4%|███                                                                       | 12/292 [00:00<00:02, 111.69it/s]
Loading weights:  12%|█████████                                                                 | 36/292 [00:00<00:01, 181.43it/s]
Loading weights:  21%|███████████████▋                                                          | 62/292 [00:00<00:01, 211.41it/s]
Loading weights:  29%|█████████████████████▊                                                    | 86/292 [00:00<00:00, 220.14it/s]
Loading weights:  38%|███████████████████████████▌                                             | 110/292 [00:00<00:00, 225.36it/s]
Loading weights:  47%|██████████████████████████████████                                       | 136/292 [00:00<00:00, 234.40it/s]
Loading weights:  57%|█████████████████████████████████████████▌                               | 166/292 [00:00<00:00, 243.99it/s]
Loading weights:  65%|███████████████████████████████████████████████▋                         | 191/292 [00:00<00:00, 239.53it/s]
Loading weights:  74%|█████████████████████████████████████████████████████▋                   | 215/292 [00:00<00:00, 226.29it/s]
Loading weights:  82%|███████████████████████████████████████████████████████████▌             | 238/292 [00:01<00:00, 218.61it/s]
Loading weights:  90%|█████████████████████████████████████████████████████████████████▌       | 262/292 [00:01<00:00, 222.44it/s]
Loading weights:  98%|███████████████████████████████████████████████████████████████████████▎ | 285/292 [00:01<00:00, 220.36it/s]
Loading weights: 100%|█████████████████████████████████████████████████████████████████████████| 292/292 [00:01<00:00, 215.11it/s]
gpt2-medium INT8-BnB reproduced 134 / 134

Loading weights:   0%|                                                                                    | 0/292 [00:00<?, ?it/s]
Loading weights:   8%|██████                                                                    | 24/292 [00:00<00:01, 235.75it/s]
Loading weights:  16%|████████████▏                                                             | 48/292 [00:00<00:01, 232.85it/s]
Loading weights:  46%|█████████████████████████████████▌                                       | 134/292 [00:00<00:00, 514.07it/s]
Loading weights:  73%|█████████████████████████████████████████████████████▌                   | 214/292 [00:00<00:00, 608.81it/s]
Loading weights:  94%|████████████████████████████████████████████████████████████████████▊    | 275/292 [00:00<00:00, 483.18it/s]
Loading weights: 100%|█████████████████████████████████████████████████████████████████████████| 292/292 [00:00<00:00, 430.36it/s]
gpt2-medium NF4-BnB reproduced 134 / 134

Loading weights:   0%|                                                                                    | 0/196 [00:00<?, ?it/s]
Loading weights:   1%|▊                                                                           | 2/196 [00:00<00:10, 18.19it/s]
Loading weights:  19%|██████████████▎                                                           | 38/196 [00:00<00:00, 209.51it/s]
Loading weights:  37%|███████████████████████████▌                                              | 73/196 [00:00<00:00, 270.88it/s]
Loading weights:  56%|████████████████████████████████████████▉                                | 110/196 [00:00<00:00, 303.37it/s]
Loading weights:  78%|████████████████████████████████████████████████████████▌                | 152/196 [00:00<00:00, 339.26it/s]
Loading weights:  98%|███████████████████████████████████████████████████████████████████████▌ | 192/196 [00:00<00:00, 353.33it/s]
Loading weights: 100%|█████████████████████████████████████████████████████████████████████████| 196/196 [00:00<00:00, 306.35it/s]
pythia-1b FP32 reproduced 134 / 134

Loading weights:   0%|                                                                                    | 0/196 [00:00<?, ?it/s]
Loading weights:   1%|▍                                                                           | 1/196 [00:00<00:24,  7.84it/s]
Loading weights:  31%|██████████████████████▋                                                   | 60/196 [00:00<00:00, 308.40it/s]
Loading weights:  56%|████████████████████████████████████████▉                                | 110/196 [00:00<00:00, 386.43it/s]
Loading weights:  81%|██████████████████████████████████████████████████████████▊              | 158/196 [00:00<00:00, 416.44it/s]
Loading weights: 100%|█████████████████████████████████████████████████████████████████████████| 196/196 [00:00<00:00, 379.48it/s]
pythia-1b FP16 reproduced 134 / 134

Loading weights:   0%|                                                                                    | 0/196 [00:00<?, ?it/s]
Loading weights:   3%|██▎                                                                         | 6/196 [00:00<00:03, 58.58it/s]
Loading weights:  12%|█████████                                                                 | 24/196 [00:00<00:01, 128.59it/s]
Loading weights:  23%|█████████████████▎                                                        | 46/196 [00:00<00:00, 169.92it/s]
Loading weights:  33%|████████████████████████▏                                                 | 64/196 [00:00<00:00, 152.50it/s]
Loading weights:  41%|██████████████████████████████▏                                           | 80/196 [00:00<00:00, 151.81it/s]
Loading weights:  49%|████████████████████████████████████▏                                     | 96/196 [00:00<00:00, 149.88it/s]
Loading weights:  57%|█████████████████████████████████████████▋                               | 112/196 [00:00<00:00, 143.99it/s]
Loading weights:  65%|███████████████████████████████████████████████▋                         | 128/196 [00:00<00:00, 148.61it/s]
Loading weights:  73%|█████████████████████████████████████████████████████▋                   | 144/196 [00:00<00:00, 149.56it/s]
Loading weights:  82%|███████████████████████████████████████████████████████████▌             | 160/196 [00:01<00:00, 138.92it/s]
Loading weights:  92%|███████████████████████████████████████████████████████████████████      | 180/196 [00:01<00:00, 144.61it/s]
Loading weights:  99%|████████████████████████████████████████████████████████████████████████▋| 195/196 [00:01<00:00, 139.97it/s]
Loading weights: 100%|█████████████████████████████████████████████████████████████████████████| 196/196 [00:01<00:00, 144.17it/s]
pythia-1b INT8-BnB reproduced 134 / 134

Loading weights:   0%|                                                                                    | 0/196 [00:00<?, ?it/s]
Loading weights:   4%|███                                                                         | 8/196 [00:00<00:02, 75.90it/s]
Loading weights:  22%|████████████████▌                                                         | 44/196 [00:00<00:00, 237.82it/s]
Loading weights:  43%|███████████████████████████████▋                                          | 84/196 [00:00<00:00, 298.49it/s]
Loading weights:  58%|██████████████████████████████████████████▍                              | 114/196 [00:00<00:00, 251.91it/s]
Loading weights:  71%|████████████████████████████████████████████████████▏                    | 140/196 [00:00<00:00, 244.50it/s]
Loading weights:  87%|███████████████████████████████████████████████████████████████▎         | 170/196 [00:00<00:00, 256.82it/s]
Loading weights: 100%|█████████████████████████████████████████████████████████████████████████| 196/196 [00:00<00:00, 253.91it/s]
pythia-1b NF4-BnB reproduced 134 / 134

Loading weights:   0%|                                                                                    | 0/772 [00:00<?, ?it/s]
Loading weights:  13%|█████████▋                                                              | 104/772 [00:00<00:00, 1035.79it/s]
Loading weights:  27%|███████████████████▋                                                     | 208/772 [00:00<00:00, 983.85it/s]
Loading weights:  40%|█████████████████████████████                                            | 307/772 [00:00<00:00, 930.96it/s]
Loading weights:  52%|█████████████████████████████████████▉                                   | 401/772 [00:00<00:00, 867.41it/s]
Loading weights:  63%|██████████████████████████████████████████████▏                          | 489/772 [00:00<00:00, 837.78it/s]
Loading weights:  78%|████████████████████████████████████████████████████████▋                | 599/772 [00:00<00:00, 907.04it/s]
Loading weights:  90%|█████████████████████████████████████████████████████████████████▎       | 691/772 [00:00<00:00, 900.34it/s]
Loading weights: 100%|█████████████████████████████████████████████████████████████████████████| 772/772 [00:00<00:00, 921.38it/s]
biogpt-large FP32 reproduced 134 / 134

Loading weights:   0%|                                                                                    | 0/772 [00:00<?, ?it/s]
Loading weights:  19%|█████████████▌                                                          | 146/772 [00:00<00:00, 1457.00it/s]
Loading weights:  38%|███████████████████████████▏                                            | 292/772 [00:00<00:00, 1283.47it/s]
Loading weights:  55%|███████████████████████████████████████▎                                | 422/772 [00:00<00:00, 1174.80it/s]
Loading weights:  70%|██████████████████████████████████████████████████▍                     | 541/772 [00:00<00:00, 1149.03it/s]
Loading weights:  85%|█████████████████████████████████████████████████████████████▎          | 657/772 [00:00<00:00, 1096.50it/s]
Loading weights:  99%|███████████████████████████████████████████████████████████████████████▋| 768/772 [00:00<00:00, 1094.12it/s]
Loading weights: 100%|████████████████████████████████████████████████████████████████████████| 772/772 [00:00<00:00, 1144.55it/s]
biogpt-large FP16 reproduced 134 / 134

Loading weights:   0%|                                                                                    | 0/772 [00:00<?, ?it/s]
Loading weights:   3%|██                                                                        | 22/772 [00:00<00:03, 219.61it/s]
Loading weights:   7%|█████▎                                                                    | 56/772 [00:00<00:02, 287.06it/s]
Loading weights:  11%|████████▍                                                                 | 88/772 [00:00<00:02, 287.35it/s]
Loading weights:  16%|███████████▌                                                             | 122/772 [00:00<00:02, 307.21it/s]
Loading weights:  22%|███████████████▋                                                         | 166/772 [00:00<00:01, 352.87it/s]
Loading weights:  27%|███████████████████▊                                                     | 210/772 [00:00<00:01, 380.75it/s]
Loading weights:  34%|████████████████████████▊                                                | 262/772 [00:00<00:01, 414.67it/s]
Loading weights:  39%|████████████████████████████▋                                            | 304/772 [00:00<00:01, 415.76it/s]
Loading weights:  45%|████████████████████████████████▋                                        | 346/772 [00:00<00:01, 401.57it/s]
Loading weights:  53%|██████████████████████████████████████▍                                  | 406/772 [00:01<00:00, 456.77it/s]
Loading weights:  59%|██████████████████████████████████████████▋                              | 452/772 [00:01<00:00, 446.84it/s]
Loading weights:  65%|███████████████████████████████████████████████▍                         | 502/772 [00:01<00:00, 461.97it/s]
Loading weights:  73%|█████████████████████████████████████████████████████▏                   | 562/772 [00:01<00:00, 500.22it/s]
Loading weights:  79%|█████████████████████████████████████████████████████████▉               | 613/772 [00:01<00:00, 493.76it/s]
Loading weights:  86%|██████████████████████████████████████████████████████████████▋          | 663/772 [00:01<00:00, 489.12it/s]
Loading weights:  92%|███████████████████████████████████████████████████████████████████▍     | 713/772 [00:01<00:00, 481.80it/s]
Loading weights:  99%|████████████████████████████████████████████████████████████████████████ | 762/772 [00:01<00:00, 480.75it/s]
Loading weights: 100%|█████████████████████████████████████████████████████████████████████████| 772/772 [00:01<00:00, 433.40it/s]
biogpt-large INT8-BnB reproduced 134 / 134

Loading weights:   0%|                                                                                    | 0/772 [00:00<?, ?it/s]
Loading weights:   2%|█▎                                                                        | 14/772 [00:00<00:05, 127.71it/s]
Loading weights:   6%|████▎                                                                     | 45/772 [00:00<00:03, 230.83it/s]
Loading weights:  16%|███████████▋                                                             | 124/772 [00:00<00:01, 477.89it/s]
Loading weights:  23%|████████████████▋                                                        | 177/772 [00:00<00:01, 497.97it/s]
Loading weights:  30%|█████████████████████▌                                                   | 228/772 [00:00<00:01, 497.54it/s]
Loading weights:  38%|███████████████████████████▊                                             | 294/772 [00:00<00:00, 531.44it/s]
Loading weights:  45%|████████████████████████████████▉                                        | 348/772 [00:00<00:00, 526.22it/s]
Loading weights:  55%|███████████████████████████████████████▉                                 | 422/772 [00:00<00:00, 589.54it/s]
Loading weights:  65%|███████████████████████████████████████████████▍                         | 502/772 [00:00<00:00, 644.59it/s]
Loading weights:  75%|███████████████████████████████████████████████████████                  | 582/772 [00:01<00:00, 682.42it/s]
Loading weights:  84%|█████████████████████████████████████████████████████████████▌           | 651/772 [00:01<00:00, 649.55it/s]
Loading weights:  95%|█████████████████████████████████████████████████████████████████████▍   | 734/772 [00:01<00:00, 699.79it/s]
Loading weights: 100%|█████████████████████████████████████████████████████████████████████████| 772/772 [00:01<00:00, 592.53it/s]
biogpt-large NF4-BnB reproduced 134 / 134
{
 "FP16": {
  "diverged_reports": 60,
  "reports": 402,
  "flips_in_identical_token_reports": 0,
  "hazard_by_fp32_margin_quintile": [
   {
    "quintile": 1,
    "steps": 1849,
    "divergences": 60
   },
   {
    "quintile": 2,
    "steps": 1847,
    "divergences": 0
   },
   {
    "quintile": 3,
    "steps": 1848,
    "divergences": 0
   },
   {
    "quintile": 4,
    "steps": 1847,
    "divergences": 0
   },
   {
    "quintile": 5,
    "steps": 1846,
    "divergences": 0
   }
  ]
 },
 "INT8-BnB": {
  "diverged_reports": 182,
  "reports": 402,
  "flips_in_identical_token_reports": 0,
  "hazard_by_fp32_margin_quintile": [
   {
    "quintile": 1,
    "steps": 963,
    "divergences": 163
   },
   {
    "quintile": 2,
    "steps": 961,
    "divergences": 11
   },
   {
    "quintile": 3,
    "steps": 960,
    "divergences": 5
   },
   {
    "quintile": 4,
    "steps": 962,
    "divergences": 2
   },
   {
    "quintile": 5,
    "steps": 958,
    "divergences": 1
   }
  ]
 },
 "NF4-BnB": {
  "diverged_reports": 253,
  "reports": 402,
  "flips_in_identical_token_reports": 0,
  "hazard_by_fp32_margin_quintile": [
   {
    "quintile": 1,
    "steps": 543,
    "divergences": 177
   },
   {
    "quintile": 2,
    "steps": 542,
    "divergences": 48
   },
   {
    "quintile": 3,
    "steps": 542,
    "divergences": 18
   },
   {
    "quintile": 4,
    "steps": 542,
    "divergences": 10
   },
   {
    "quintile": 5,
    "steps": 540,
    "divergences": 0
   }
  ]
 }
}
