2026-09-15 18:42:58 RUN <local>/.venv/bin/python -m cxrquant.pipeline --mode preflight --run-dir <local>/fix/source/runs/preflight_multiseed_20260915 --config <local>/fix/source/configs/full_seed123.json
2026-09-15 18:43:08 RUN <local>/.venv/bin/python -m cxrquant.pipeline --mode full --run-dir <local>/fix/source/runs/full_seed123_20260915 --config <local>/fix/source/configs/full_seed123.json --data <local>/fix/source/data/iuxray_paired.json
2026-09-15 19:04:33 RUN <local>/.venv/bin/python -m cxrquant.pipeline --mode full --run-dir <local>/fix/source/runs/full_seed777_20260915 --config <local>/fix/source/configs/full_seed777.json --data <local>/fix/source/data/iuxray_paired.json
2026-09-15 19:26:54 RUN <local>/.venv/bin/python -m cxrquant.pipeline --mode full --run-dir <local>/fix/source/runs/full_seed2024_20260915 --config <local>/fix/source/configs/full_seed2024.json --data <local>/fix/source/data/iuxray_paired.json
2026-09-15 19:48:25 RUN <local>/.venv/bin/python -m cxrquant.pipeline --mode full --run-dir <local>/fix/source/runs/full_seed31415_20260915 --config <local>/fix/source/configs/full_seed31415.json --data <local>/fix/source/data/iuxray_paired.json
2026-09-15 20:09:36 RUN <local>/.venv/bin/python <local>/fix/source/scripts/efficiency_summary.py --run-dir <local>/fix/source/runs/full_seed123_20260915 --overwrite
2026-09-15 20:09:36 RUN <local>/.venv/bin/python <local>/fix/source/scripts/ablation_uncertain_policy.py --run-dir <local>/fix/source/runs/full_seed123_20260915 --overwrite
2026-09-15 20:09:38 RUN <local>/.venv/bin/python <local>/fix/source/scripts/ablation_stratum.py --run-dir <local>/fix/source/runs/full_seed123_20260915 --overwrite
2026-09-15 20:09:38 RUN <local>/.venv/bin/python <local>/fix/source/scripts/efficiency_summary.py --run-dir <local>/fix/source/runs/full_seed777_20260915 --overwrite
2026-09-15 20:09:38 RUN <local>/.venv/bin/python <local>/fix/source/scripts/ablation_uncertain_policy.py --run-dir <local>/fix/source/runs/full_seed777_20260915 --overwrite
2026-09-15 20:09:41 RUN <local>/.venv/bin/python <local>/fix/source/scripts/ablation_stratum.py --run-dir <local>/fix/source/runs/full_seed777_20260915 --overwrite
2026-09-15 20:09:41 RUN <local>/.venv/bin/python <local>/fix/source/scripts/efficiency_summary.py --run-dir <local>/fix/source/runs/full_seed2024_20260915 --overwrite
2026-09-15 20:09:41 RUN <local>/.venv/bin/python <local>/fix/source/scripts/ablation_uncertain_policy.py --run-dir <local>/fix/source/runs/full_seed2024_20260915 --overwrite
2026-09-15 20:09:43 RUN <local>/.venv/bin/python <local>/fix/source/scripts/ablation_stratum.py --run-dir <local>/fix/source/runs/full_seed2024_20260915 --overwrite
2026-09-15 20:09:43 RUN <local>/.venv/bin/python <local>/fix/source/scripts/efficiency_summary.py --run-dir <local>/fix/source/runs/full_seed31415_20260915 --overwrite
2026-09-15 20:09:43 RUN <local>/.venv/bin/python <local>/fix/source/scripts/ablation_uncertain_policy.py --run-dir <local>/fix/source/runs/full_seed31415_20260915 --overwrite
2026-09-15 20:09:45 RUN <local>/.venv/bin/python <local>/fix/source/scripts/ablation_stratum.py --run-dir <local>/fix/source/runs/full_seed31415_20260915 --overwrite
2026-09-15 20:09:45 RUN <local>/.venv/bin/python <local>/fix/source/scripts/aggregate_seeds.py --run-dirs <local>/fix/source/runs/full_seed42_corrected_20260911,<local>/fix/source/runs/full_seed123_20260915,<local>/fix/source/runs/full_seed777_20260915,<local>/fix/source/runs/full_seed2024_20260915,<local>/fix/source/runs/full_seed31415_20260915 --out-dir <local>/fix/source/runs/multiseed_seed42-123-777-2024-31415_20260915
2026-09-15 20:09:45 RUN <local>/.venv/bin/python <local>/fix/source/scripts/multiseed_manuscript_bundle.py --summary <local>/fix/source/runs/multiseed_seed42-123-777-2024-31415_20260915/multiseed_summary.json --out <local>/fix/source/runs/multiseed_seed42-123-777-2024-31415_20260915/manuscript_bundle.json
2026-09-15 20:09:45 RUN <local>/.venv/bin/python <local>/fix/source/scripts/update_manuscript_ijies.py --draft <local>/fix/CXRQuant_IJIES_Revised_proofread.docx --run-dir <local>/fix/source/runs/full_seed42_corrected_20260911 --figure <local>/fix/manuscript/figures/fig_efficiency_stability.png --multiseed <local>/fix/source/runs/multiseed_seed42-123-777-2024-31415_20260915/manuscript_bundle.json --out <local>/fix/manuscript/CXRQuant_IJIES_Revised_experiments-20260915_multiseed.docx
